---
source: crates/move-syn/tests/move-stdlib.rs
expression: ast.tokens_to_string()
---
# [doc = " Provides a way to get address length since it's a"] # [doc = " platform-specific parameter."] module std :: address ; # [doc = " Should be converted to a native function."] # [doc = " Current implementation only works for Sui."] public fun length () : u64 { 32 }
