---
source: crates/move-syn/tests/move-stdlib.rs
expression: ast.tokens_to_string()
---
# [doc = " Utility for converting a Move value to its binary representation in BCS (Binary Canonical"] # [doc = " Serialization). BCS is the binary encoding for Move resources and other non-module values"] # [doc = " published on-chain. See https://github.com/diem/bcs#binary-canonical-serialization-bcs for more"] # [doc = " details on BCS."] module std :: bcs ; # [doc = " Return the binary representation of `v` in BCS (Binary Canonical Serialization) format"] public native fun to_bytes < MoveValue > (v : & MoveValue) : vector < u8 > ;
