---
source: crates/move-syn/tests/move-stdlib.rs
expression: ast.tokens_to_string()
---
# [doc = " Module which defines SHA hashes for byte vectors."] # [doc = ""] # [doc = " The functions in this module are natively declared both in the Move runtime"] # [doc = " as in the Move prover's prelude."] module std :: hash ; public native fun sha2_256 (data : vector < u8 >) : vector < u8 > ; public native fun sha3_256 (data : vector < u8 >) : vector < u8 > ;
