---
source: crates/move-syn/tests/sui-framework.rs
expression: ast.tokens_to_string()
---
module sui :: accumulator ; const ENotSystemAddress : u64 = 0 ; public struct AccumulatorRoot has key { id : UID , } # [allow (unused_function)] fun create (ctx : & TxContext) { assert ! (ctx . sender () == @ 0x0 , ENotSystemAddress) ; transfer :: share_object (AccumulatorRoot { id : object :: sui_accumulator_root_object_id () , }) }
