---
source: crates/move-syn/tests/sui-framework.rs
expression: ast.tokens_to_string()
---
module sui :: prover ;
