---
source: crates/move-syn/src/tests/imports/sui_framework.rs
expression: flat_imports(ast)
---
vec_map -> sui::vec_map
VecMap -> sui::vec_map::VecMap
