---
source: crates/move-syn/src/tests/imports/sui_framework.rs
expression: flat_imports(ast)
---
dynamic_field -> sui::dynamic_field
