---
source: crates/move-syn/src/tests/imports/sui_framework.rs
expression: flat_imports(ast)
---
field -> sui::dynamic_field
