---
source: crates/move-syn/src/tests/imports/move_stdlib.rs
expression: flat_imports(ast)
---
String -> std::string::String
