---
source: crates/move-syn/src/tests/imports/move_stdlib.rs
expression: flat_imports(ast)
---
address -> std::address
ascii -> std::ascii
String -> std::ascii::String
